<!doctype html>
<html>
  <head>
    <title>title</title>
    <link rel="preload" href="style.css" as="style" onload="this.rel='stylesheet'">
  <link rel="preload" href="script.js" as="script"><noscript><link rel="stylesheet" href="style.css"></noscript></head>
  <script src="script-async.js" async=""></script>
  <script src="script.js"></script>
</html>
